MPLINK 4.49, Linker
Linker Map File - Created Thu Sep 30 22:04:40 2021

                                 Section Info
                  Section       Type    Address   Location Size(Bytes)
                ---------  ---------  ---------  ---------  ---------
                   .org_0       code   0x000000    program   0x000000
                   .org_1       code   0x000000    program   0x000018
.config_2007_LEER PUERTO B Y MOSTRARLO EN EL        code   0x002007    program   0x000002
.config_2008_LEER PUERTO B Y MOSTRARLO EN EL        code   0x002008    program   0x000002



                              Program Memory Usage 
                               Start         End      
                           ---------   ---------      
                            0x000000    0x00000b      
                            0x002007    0x002008      
            14 out of 8455 program addresses used, program memory utilization is 0%



                              Symbols - Sorted by Name
                     Name    Address   Location    Storage File                     
                ---------  ---------  ---------  --------- ---------                
                   REPITE   0x000009    program     static C:\Users\Carvajal Muñiz\Documents\Marco\PIC\PIC16F887\Ensamblador\Leer puerto B y mostrarlo en el puerto C\Leer puerto B y mostrarlo en el puerto C.asm



                              Symbols - Sorted by Address
                     Name    Address   Location    Storage File                     
                ---------  ---------  ---------  --------- ---------                
                   REPITE   0x000009    program     static C:\Users\Carvajal Muñiz\Documents\Marco\PIC\PIC16F887\Ensamblador\Leer puerto B y mostrarlo en el puerto C\Leer puerto B y mostrarlo en el puerto C.asm


